Simple { expectedOutput = "foo&bar\n"
       , diagnosticCount = 0
       }