Simple { expectedOutput = "README.md\n"
       , diagnosticCount = 0
       }