Simple { expectedOutput = "*\n"
       , diagnosticCount = 0
       }