Simple { expectedOutput = "${SHELL}\n"
       , diagnosticCount = 0
       }