Simple { expectedOutput = "1\n"
       , diagnosticCount = 0
       }